exports[`test it renders correctly 1`] = `
<Image
  source={1}
  style={
    Object {
      "height": 350,
      "margin": 30,
      "width": 250,
    }
  } />
`;
