exports[`test it renders correctly 1`] = `
<ScrollView
  horizontal={true}
  pageEnbaled={true}
  style={
    Object {
      "backgroundColor": "#1a2229",
      "paddingTop": 100,
    }
  }>
  <Image
    source={1} />
  <Image
    source={1} />
  <Image
    source={1} />
  <Image
    source={1} />
  <Image
    source={1} />
  <Image
    source={1} />
  <Image
    source={1} />
  <Image
    source={1} />
  <Image
    source={1} />
  <Image
    source={1} />
  <Image
    source={1} />
  <Image
    source={1} />
  <Image
    source={1} />
  <Image
    source={1} />
  <Image
    source={1} />
  <Image
    source={1} />
  <Image
    source={1} />
  <Image
    source={1} />
  <Image
    source={1} />
  <Image
    source={1} />
  <Image
    source={1} />
  <Image
    source={1} />
  <Image
    source={1} />
  <Image
    source={1} />
  <Image
    source={1} />
  <Image
    source={1} />
  <Image
    source={1} />
  <Image
    source={1} />
  <Image
    source={1} />
  <Image
    source={1} />
  <Image
    source={1} />
  <Image
    source={1} />
  <Image
    source={1} />
  <Image
    source={1} />
  <Image
    source={1} />
  <Image
    source={1} />
  <Image
    source={1} />
  <Image
    source={1} />
  <Image
    source={1} />
  <Image
    source={1} />
  <Image
    source={1} />
  <Image
    source={1} />
  <Image
    source={1} />
  <Image
    source={1} />
  <Image
    source={1} />
  <Image
    source={1} />
  <Image
    source={1} />
  <Image
    source={1} />
  <Image
    source={1} />
  <Image
    source={1} />
  <Image
    source={1} />
  <Image
    source={1} />
  <Image
    source={undefined} />
  <Image
    source={undefined} />
</ScrollView>
`;
